../Core/Src/main.cpp:91:16:int _write(int, char*, int)	24	static
../Core/Src/main.cpp:110:5:int main()	8	static
../Core/Src/main.cpp:220:6:void SystemClock_Config()	88	static
../Core/Src/main.cpp:269:13:void MX_FDCAN1_Init()	8	static
../Core/Src/main.cpp:312:13:void MX_USART2_UART_Init()	8	static
../Core/Src/main.cpp:362:13:void MX_GPIO_Init()	48	static
../Core/Src/main.cpp:401:6:void HAL_FDCAN_TxBufferCompleteCallback(FDCAN_HandleTypeDef*, uint32_t)	16	static
../Core/Src/main.cpp:411:6:void HAL_FDCAN_RxFifo0Callback(FDCAN_HandleTypeDef*, uint32_t)	104	static
../Core/Src/main.cpp:425:6:void can_send()	56	static
../Core/Src/main.cpp:458:6:void startTask0(void*)	16	static
../Core/Src/main.cpp:480:6:void startTask1(void*)	104	static
../Core/Src/main.cpp:501:6:void HAL_TIM_PeriodElapsedCallback(TIM_HandleTypeDef*)	16	static
../Core/Src/main.cpp:519:6:void Error_Handler()	4	static,ignoring_inline_asm
